"C:/Users/link0/Desktop/Escuela/Arqui/Practica1/Codes/And.vhd=work"
"C:/Users/link0/Desktop/Escuela/Arqui/Practica1/Codes/Not.vhd=work"
"C:/Users/link0/Desktop/Escuela/Arqui/Practica1/Codes/Or.vhd=work"
"C:/Users/link0/Desktop/Escuela/Arqui/Practica1/Codes/Xor.vhd=work"
"C:/Users/link0/Desktop/Escuela/Arqui/Practica1/Codes/Xnor.vhd=work"
"C:/Users/link0/Desktop/Escuela/Arqui/Practica1/Codes/Sumador.vhd=work"
"C:/Users/link0/Desktop/Escuela/Arqui/Practica1/Codes/Sumador_unbit.vhd=work"
"C:/Users/link0/Desktop/Escuela/Arqui/Practica1/Codes/Restador.vhd=work"
"C:/Users/link0/Desktop/Escuela/Arqui/Practica1/Codes/Restador_unbit.vhd=work"
"C:/Users/link0/Desktop/Escuela/Arqui/Practica1/Codes/Mayor_o_Menor.vhd=work"
"C:/Users/link0/Desktop/Escuela/Arqui/Practica1/Codes/Comparador.vhd=work"
"C:/Users/link0/Desktop/Escuela/Arqui/Practica1/Codes/ShifterD_I.vhd=work"
"C:/Users/link0/Desktop/Escuela/Arqui/Practica1/Codes/Ram.vhd=work"
"C:/Users/link0/Desktop/Escuela/Arqui/Practica1/Codes/LCD_decrypter.vhd=work"
"C:/Users/link0/Desktop/Escuela/Arqui/Practica1/Codes/LCD_main.vhd=work"
"C:/Users/link0/Desktop/Escuela/Arqui/Practica1/Codes/Top.vhd=work"
